#-----------------------------------------------------------
# Vivado v2023.1.1 (64-bit)
# SW Build 3900603 on Fri Jun 16 19:30:25 MDT 2023
# IP Build 3900379 on Sat Jun 17 05:28:05 MDT 2023
# SharedData Build 3899622 on Fri Jun 16 03:34:24 MDT 2023
# Start of session at: Fri Oct  6 09:38:48 2023
# Process ID: 142246
# Current directory: /home/bruno/Documents/Facultad/5to_anio/Arquitectura_de_Computadoras/Ejercicios_Verilog/UART_Test/UART_Test.runs/synth_1
# Command line: vivado -log uart_top.vds -product Vivado -mode batch -messageDb vivado.pb -notrace -source uart_top.tcl
# Log file: /home/bruno/Documents/Facultad/5to_anio/Arquitectura_de_Computadoras/Ejercicios_Verilog/UART_Test/UART_Test.runs/synth_1/uart_top.vds
# Journal file: /home/bruno/Documents/Facultad/5to_anio/Arquitectura_de_Computadoras/Ejercicios_Verilog/UART_Test/UART_Test.runs/synth_1/vivado.jou
# Running On: BrunoLaptop, OS: Linux, CPU Frequency: 3700.445 MHz, CPU Physical cores: 2, Host memory: 16635 MB
#-----------------------------------------------------------
source uart_top.tcl -notrace
