#-----------------------------------------------------------
# Vivado v2023.1.1 (64-bit)
# SW Build 3900603 on Fri Jun 16 19:30:25 MDT 2023
# IP Build 3900379 on Sat Jun 17 05:28:05 MDT 2023
# SharedData Build 3899622 on Fri Jun 16 03:34:24 MDT 2023
# Start of session at: Fri Sep  1 10:39:40 2023
# Process ID: 526238
# Current directory: /home/bruno/Documents/Facultad/5to_anio/Arquitectura_de_Computadoras/Ejercicios_Verilog/Alu_test/Alu_test.runs/synth_1
# Command line: vivado -log alu.vds -product Vivado -mode batch -messageDb vivado.pb -notrace -source alu.tcl
# Log file: /home/bruno/Documents/Facultad/5to_anio/Arquitectura_de_Computadoras/Ejercicios_Verilog/Alu_test/Alu_test.runs/synth_1/alu.vds
# Journal file: /home/bruno/Documents/Facultad/5to_anio/Arquitectura_de_Computadoras/Ejercicios_Verilog/Alu_test/Alu_test.runs/synth_1/vivado.jou
# Running On: BrunoLaptop, OS: Linux, CPU Frequency: 3853.366 MHz, CPU Physical cores: 2, Host memory: 16635 MB
#-----------------------------------------------------------
source alu.tcl -notrace
